// Jest Snapshot v1, https://goo.gl/fbAQLP

exports[`withUserAnswer renders correctly 1`] = `<div />`;
