// Jest Snapshot v1, https://goo.gl/fbAQLP

exports[`withAudioPlayer renders correctly 1`] = `<div />`;
