// Jest Snapshot v1, https://goo.gl/fbAQLP

exports[`withAudio renders correctly 1`] = `<audio />`;
